<html>
<body>
<pre>
<h1>µVision Build Log</h1>
<h2>Project:</h2>
C:\Users\Soccerferrari\Desktop\Homework\2014-15\Spring\Ras\Movement\Region V.uvproj
Project File Date:  02/28/2015

<h2>Output:</h2>
Rebuild target 'RASDemo'
compiling Startup.c...
compiling Main.c...
Main.h(1): warning:  #1295-D: Deprecated declaration follow - give arg types
  void follow();
Main.h(2): warning:  #1295-D: Deprecated declaration explore - give arg types
  void explore();
Main.h(4): warning:  #1295-D: Deprecated declaration forward - give arg types
  void forward();
Main.h(5): warning:  #1-D: last line of file ends without a newline
  void turn(int);
Main.c(65): warning:  #1295-D: Deprecated declaration init - give arg types
  void init();
Main.c(92): warning:  #1295-D: Deprecated declaration follow - give arg types
  void follow();
Main.c(173): warning:  #1035-D: single-precision operand implicitly converted to double-precision
                if((line[3]>0.5)&&(line[4]>0.5)){
Main.c(173): warning:  #1035-D: single-precision operand implicitly converted to double-precision
                if((line[3]>0.5)&&(line[4]>0.5)){
Main.c(177): warning:  #1035-D: single-precision operand implicitly converted to double-precision
                else if (line[5]>0.5&&line[4]>0.5){
Main.c(177): warning:  #1035-D: single-precision operand implicitly converted to double-precision
                else if (line[5]>0.5&&line[4]>0.5){
Main.c(181): warning:  #1035-D: single-precision operand implicitly converted to double-precision
                else if (line[2]>0.5&&line[3]>0.5){
Main.c(181): warning:  #1035-D: single-precision operand implicitly converted to double-precision
                else if (line[2]>0.5&&line[3]>0.5){
Main.c(185): warning:  #1035-D: single-precision operand implicitly converted to double-precision
                else if (line[7]>0.5&&line[6]>0.5){
Main.c(185): warning:  #1035-D: single-precision operand implicitly converted to double-precision
                else if (line[7]>0.5&&line[6]>0.5){
Main.c(189): warning:  #1035-D: single-precision operand implicitly converted to double-precision
                else if (line[0]>0.5&&line[1]>0.5){
Main.c(189): warning:  #1035-D: single-precision operand implicitly converted to double-precision
                else if (line[0]>0.5&&line[1]>0.5){
Main.c(193): warning:  #1035-D: single-precision operand implicitly converted to double-precision
                else if (line[6]>0.5&&line[5]>0.5){
Main.c(193): warning:  #1035-D: single-precision operand implicitly converted to double-precision
                else if (line[6]>0.5&&line[5]>0.5){
Main.c(197): warning:  #1035-D: single-precision operand implicitly converted to double-precision
                else if (line[1]>0.5&&line[2]>0.5){
Main.c(197): warning:  #1035-D: single-precision operand implicitly converted to double-precision
                else if (line[1]>0.5&&line[2]>0.5){
Main.c: 20 warnings, 0 errors
linking...
Program Size: Code=24900 RO-data=2280 RW-data=848 ZI-data=12680  
".\RASDemo.axf" - 0 Error(s), 20 Warning(s).
</pre>
</body>
</html>
